// Jest Snapshot v1, https://goo.gl/fbAQLP

exports[`emydura.nexus 1`] = `
"#NEXUS

Begin taxa;
	Dimensions ntax=10;
		Taxlabels
			a
			b
			c
			d
			;
End;
Begin trees;
	Translate
		   1 a,
		   2 b,
		   3 c,
		   4 d
;
tree STATE_0 = ((1[&dmv=0.022160000660789422]:0.02229904566199236,4[&dmv=0.022160000660789422]:0.02229904566199236)[&dmv=0.022160000660789422]:0.029438265490644572,(2[&dmv=0.022160000660789422]:0.0071863359974703046,3[&dmv=0.022160000660789422]:0.0071863359974703046)[&dmv=0.022160000660789422]:0.04455097515516663)[&dmv=0.022160000660789422];
End;"
`;
